MACRO ASSEMBLER W_COMP_RT                                   11/13/19 13:09:21 PAGE     1


WIN32 MACRO ASSEMBLER MA51 V06.04.19OBJECT MODULE PLACED IN C:\TP\PHY4501\TP\W_COMP_RT.OBJ
ASSEMBLER INVOKED BY: MA51.EXE C:\TP\PHY4501\TP\W_COMP_RT.A51 OJ(C:\TP\PHY4501\TP\W_COMP_RT.OBJ) PIN(C:\RIDE\INC;C:\RIDE\INC\51) PIN(C:\RIDE\INC\51\) EP LINES SYNTAX(ASM51) MOD51 PR(C:\TP\PHY4501\TP\W_COMP_RT.LST) XR DB PW(80) RB(0) 

LOC     OBJ           LINE    SOURCE
                         1      ;W_Comp_Rt
                         2     ;created by Remi Lamiaux and Baptiste Ghirardi 
                         3     ;13/11/2019
                         4     ;version 1
                         5     
  007F                   6     W1_L			DATA		7FH
  007E                   7     W1_H			DATA		7EH
  007D                   8     W2_L			DATA		7DH
  007C                   9     W2_H			DATA		7CH
  00B7                  10     RES			BIT		P3.7
  00D5                  11     RES_RT		BIT		F0
                        12     
  0000                  13     				ORG		0000H
                        14     				
0000    787E            15     DEBUT: 		MOV		R0,#W1_H
0002    797C            16                 MOV		R1,#W2_H
0004    12000D          17     				LCALL		COMP
0007    A2D5            18     				MOV		C,RES_RT
0009    92B7            19     				MOV		RES,C
000B    80F3            20     FIN: 			SJMP		DEBUT
                        21     
                        22     
                        23     ;Compare 2 nombres
                        24     ;Paramètres: Adresses des octets de poids fort des nombres a comparer dans R0 et R1
                        25     ;Retourne: 1 si ((R0))<((R1)) et 0 sinon, dans F0
                        26     COMP: 
000D    C0E0            27     				PUSH		ACC
000F    E6              28     				MOV		A,@R0
0010    C3              29     				CLR 		C
0011    97              30     				SUBB		A,@R1
0012    7005            31     SI: 			JNZ		FINSI
0014    08              32     				INC		R0
0015    09              33     				INC		R1
0016    E6              34                 MOV		A,@R0
0017    C3              35                 CLR		C
0018    97              36                 SUBB		A,@R1
0019    92D5            37     FINSI: 		MOV		RES_RT,C
001B    D0E0            38     FINCOMP: 		POP		ACC
001D    22              39     				RET
                        40     
                        41     				END 
MACRO ASSEMBLER W_COMP_RT                                   11/13/19 13:09:21 PAGE     0


SYMBOL TABLE LISTING
------ ----- -------


N A M E             T Y P E  V A L U E   ATTRIBUTES             REFERENCES

P3 . . . . . . . .  D ADDR   00B0H   A                          10 
ACC. . . . . . . .  D ADDR   00E0H   A                          27 38 
RES. . . . . . . .  B ADDR   00B0H.7 A                          10# 19 
FINCOMP. . . . . .  C ADDR   001BH   A                          38# 
COMP . . . . . . .  C ADDR   000DH   A                          17 26# 
RES_RT . . . . . .  B ADDR   00D0H.5 A                          11# 18 37 
W1_H . . . . . . .  D ADDR   007EH   A                          7# 15 
W2_H . . . . . . .  D ADDR   007CH   A                          9# 16 
W1_L . . . . . . .  D ADDR   007FH   A                          6# 
DEBUT. . . . . . .  C ADDR   0000H   A                          15# 20 
W2_L . . . . . . .  D ADDR   007DH   A                          8# 
F0 . . . . . . . .  B ADDR   00D0H.5 A                          11 
FINSI. . . . . . .  C ADDR   0019H   A                          31 37# 
SI . . . . . . . .  C ADDR   0012H   A                          31# 
FIN. . . . . . . .  C ADDR   000BH   A                          20# 



MODULE INFORMATION:   STATIC OVERLAYABLE
   CODE SIZE        =     30    ----
   XDATA SIZE       =   ----    ----
   DATA SIZE        =   ----    ----
   IDATA SIZE       =   ----    ----
   BIT SIZE         =   ----    ----
END OF MODULE INFORMATION.


REGISTER BANK(S) USED : 0 

ASSEMBLY COMPLETE.   0 WARNING(S)   0 ERROR(S)
