MACRO ASSEMBLER W_COMP                                      11/13/19 13:06:11 PAGE     1


WIN32 MACRO ASSEMBLER MA51 V06.04.19OBJECT MODULE PLACED IN C:\TP\PHY4501\TP\W_COMP.OBJ
ASSEMBLER INVOKED BY: MA51.EXE C:\TP\PHY4501\TP\W_COMP.A51 OJ(C:\TP\PHY4501\TP\W_COMP.OBJ) PIN(C:\RIDE\INC;C:\RIDE\INC\51) PIN(C:\RIDE\INC\51\) EP LINES SYNTAX(ASM51) MOD51 PR(C:\TP\PHY4501\TP\W_COMP.LST) XR DB PW(80) RB(0) 

LOC     OBJ           LINE    SOURCE
                         1     ;W_Comp
                         2     ;created by Remi Lamiaux and Baptiste Ghirardi 
                         3     ;13/11/2019
                         4     ;version 1
                         5     
  007F                   6     W1_L			DATA		7FH
  007E                   7     W1_H			DATA		7EH
  007D                   8     W2_L			DATA		7DH
  007C                   9     W2_H			DATA		7CH
  00B7                  10     RES			BIT		P3.7
  00E0                  11     TMP			DATA		ACC
                        12     
  0000                  13     				ORG		0000H
                        14     				
                        15     DEBUT: 
0000    E57E            16     				MOV		A,W1_H
0002    C3              17     				CLR 		C
0003    957C            18     				SUBB		A,W2_H
0005    7005            19     SI: 			JNZ		FINSI
0007    E57F            20                 MOV		A,W1_L
0009    C3              21                 CLR		C
000A    957D            22                 SUBB		A,W2_L
000C    92B7            23     FINSI: 		MOV		RES,C			
000E    80F0            24     FIN: 			SJMP		DEBUT
                        25     
                        26     				END 
MACRO ASSEMBLER W_COMP                                      11/13/19 13:06:11 PAGE     0


SYMBOL TABLE LISTING
------ ----- -------


N A M E             T Y P E  V A L U E   ATTRIBUTES             REFERENCES

P3 . . . . . . . .  D ADDR   00B0H   A                          10 
ACC. . . . . . . .  D ADDR   00E0H   A                          11 
RES. . . . . . . .  B ADDR   00B0H.7 A                          10# 23 
W1_H . . . . . . .  D ADDR   007EH   A                          7# 16 
W2_H . . . . . . .  D ADDR   007CH   A                          9# 18 
TMP. . . . . . . .  D ADDR   00E0H   A                          11# 
W1_L . . . . . . .  D ADDR   007FH   A                          6# 20 
DEBUT. . . . . . .  C ADDR   0000H   A                          15# 24 
W2_L . . . . . . .  D ADDR   007DH   A                          8# 22 
FINSI. . . . . . .  C ADDR   000CH   A                          19 23# 
SI . . . . . . . .  C ADDR   0005H   A                          19# 
FIN. . . . . . . .  C ADDR   000EH   A                          24# 



MODULE INFORMATION:   STATIC OVERLAYABLE
   CODE SIZE        =     16    ----
   XDATA SIZE       =   ----    ----
   DATA SIZE        =   ----    ----
   IDATA SIZE       =   ----    ----
   BIT SIZE         =   ----    ----
END OF MODULE INFORMATION.


REGISTER BANK(S) USED : 0 

ASSEMBLY COMPLETE.   0 WARNING(S)   0 ERROR(S)
