MACRO ASSEMBLER LCD_BF                                      11/27/19 09:57:46 PAGE     1


WIN32 MACRO ASSEMBLER MA51 V06.04.19OBJECT MODULE PLACED IN C:\TP\PHY4501\TP\TP_3\LCD_BF.OBJ
ASSEMBLER INVOKED BY: MA51.EXE C:\TP\PHY4501\TP\TP_3\LCD_BF.A51 OJ(C:\TP\PHY4501\TP\TP_3\LCD_BF.OBJ) PIN(C:\RIDE\INC;C:\RIDE\INC\51) PIN(C:\RIDE\INC\51\) EP LINES SYNTAX(ASM51) MOD51 PR(C:\TP\PHY4501\TP\TP_3\LCD_BF.LST) XR DB PW(80) RB(0) 

LOC     OBJ           LINE    SOURCE
                         1     ;LCD_BF
                         2     ;Created by Rémy Lamiaux and Baptiste Ghirardi
                         3     ;27/11/2019
                         4     ;version 1.0
                         5     
  00A7                   6     BF					BIT					P2.7
  0095                   7     RSELECT			BIT					P1.5 
  0096                   8     RW					BIT					P1.6
  0097                   9     E					BIT					P1.7
                        10     
                        11     
  0000                  12     					ORG					0000H
                        13     					
                        14     DEBUT: 
0000    120005          15     					LCALL					LCD_BF
0003    80FB            16     FIN:  				SJMP					DEBUT
                        17     			
                        18     LCD_BF: 
0005    7590FF          19     					MOV					P1,#0FFH
0008    C295            20     					CLR					RSELECT
000A    D296            21     					SETB					RW
                        22     RPT_BF: 				
000C    C297            23     					CLR					E
000E    D297            24     					SETB					E
0010    20A7F9          25     JSQ_BF: 			JB						BF,RPT_BF
0013    C297            26     					CLR					E
0015    22              27     FIN_LCD_BF: 		RET
                        28     
                        29     					END
MACRO ASSEMBLER LCD_BF                                      11/27/19 09:57:46 PAGE     0


SYMBOL TABLE LISTING
------ ----- -------


N A M E             T Y P E  V A L U E   ATTRIBUTES             REFERENCES

P1 . . . . . . . .  D ADDR   0090H   A                          7 8 9 19 
P2 . . . . . . . .  D ADDR   00A0H   A                          6 
E. . . . . . . . .  B ADDR   0090H.7 A                          9# 23 24 26 
BF . . . . . . . .  B ADDR   00A0H.7 A                          6# 25 
RW . . . . . . . .  B ADDR   0090H.6 A                          8# 21 
RSELECT. . . . . .  B ADDR   0090H.5 A                          7# 20 
DEBUT. . . . . . .  C ADDR   0000H   A                          14# 16 
JSQ_BF . . . . . .  C ADDR   0010H   A                          25# 
FIN_LCD_BF . . . .  C ADDR   0015H   A                          27# 
LCD_BF . . . . . .  C ADDR   0005H   A                          15 18# 
RPT_BF . . . . . .  C ADDR   000CH   A                          22# 25 
FIN. . . . . . . .  C ADDR   0003H   A                          16# 



MODULE INFORMATION:   STATIC OVERLAYABLE
   CODE SIZE        =     22    ----
   XDATA SIZE       =   ----    ----
   DATA SIZE        =   ----    ----
   IDATA SIZE       =   ----    ----
   BIT SIZE         =   ----    ----
END OF MODULE INFORMATION.


REGISTER BANK(S) USED : 0 

ASSEMBLY COMPLETE.   0 WARNING(S)   0 ERROR(S)
