MACRO ASSEMBLER SERIE_EM                                    11/29/19 17:49:23 PAGE     1


WIN32 MACRO ASSEMBLER MA51 V06.04.19OBJECT MODULE PLACED IN C:\TP\PHY4501\TP\TP_3\SERIE_EM.OBJ
ASSEMBLER INVOKED BY: MA51.EXE C:\TP\PHY4501\TP\TP_3\SERIE_EM.A51 OJ(C:\TP\PHY4501\TP\TP_3\SERIE_EM.OBJ) PIN(C:\RIDE\INC;C:\RIDE\INC\51) PIN(C:\RIDE\INC\51\) EP LINES SYNTAX(ASM51) MOD51 PR(C:\TP\PHY4501\TP\TP_3\SERIE_EM.LST) XR DB PW(80) RB(0) 

LOC     OBJ           LINE    SOURCE
                         1     ;Serie_Em
                         2     ;Created by Rémi Lamiaux and Baptiste Ghirardi
                         3     ;29/11/2019
                         4     ;version 1.0
                         5     
  0080                   6     BP			BIT		P0.0
  0090                   7     DONNEE	DATA		P1
                         8     
  0000                   9     			ORG		0000H
                        10     			
                        11     DEBUT: 
0000    758DE6          12     			MOV		TH1,#0E6H
0003    759850          13     			MOV		SCON,#50H
0006    758920          14     			MOV		TMOD,#20H
0009    758840          15     			MOV		TCON,#40H
                        16     
                        17     RPT: 
000C    3080FD          18     ATT_BP0:  JNB		BP,ATT_BP0
000F    2080FD          19     ATT_BP1:  JB			BP,ATT_BP1
0012    E590            20     			MOV		A,DONNEE
0014    540F            21     			ANL		A,#0FH
0016    4430            22     			ORL		A,#30H
0018    F599            23     			MOV		SBUF,A
001A    3099FD          24     ATT_TI0:  JNB		TI,ATT_TI0
001D    C299            25     			CLR		TI
001F    80EB            26     JSQ: 		SJMP		RPT
                        27     FIN: 
                        28     
                        29     			END 
MACRO ASSEMBLER SERIE_EM                                    11/29/19 17:49:23 PAGE     0


SYMBOL TABLE LISTING
------ ----- -------


N A M E             T Y P E  V A L U E   ATTRIBUTES             REFERENCES

P0 . . . . . . . .  D ADDR   0080H   A                          6 
P1 . . . . . . . .  D ADDR   0090H   A                          7 
ATT_BP0. . . . . .  C ADDR   000CH   A                          18# 
ATT_BP1. . . . . .  C ADDR   000FH   A                          19# 
TH1. . . . . . . .  D ADDR   008DH   A                          12 
JSQ. . . . . . . .  C ADDR   001FH   A                          26# 
SBUF . . . . . . .  D ADDR   0099H   A                          23 
BP . . . . . . . .  B ADDR   0080H.0 A                          6# 18 19 
SCON . . . . . . .  D ADDR   0098H   A                          13 
DEBUT. . . . . . .  C ADDR   0000H   A                          11# 
TMOD . . . . . . .  D ADDR   0089H   A                          14 
TCON . . . . . . .  D ADDR   0088H   A                          15 
ATT_TI0. . . . . .  C ADDR   001AH   A                          24# 
RPT. . . . . . . .  C ADDR   000CH   A                          17# 26 
DONNEE . . . . . .  D ADDR   0090H   A                          7# 20 
FIN. . . . . . . .  C ADDR   0021H   A                          27# 
TI . . . . . . . .  B ADDR   0098H.1 A                          24 25 



MODULE INFORMATION:   STATIC OVERLAYABLE
   CODE SIZE        =     33    ----
   XDATA SIZE       =   ----    ----
   DATA SIZE        =   ----    ----
   IDATA SIZE       =   ----    ----
   BIT SIZE         =   ----    ----
END OF MODULE INFORMATION.


REGISTER BANK(S) USED : 0 

ASSEMBLY COMPLETE.   0 WARNING(S)   0 ERROR(S)
