MACRO ASSEMBLER TIMER_50MS                                  11/20/19 10:59:38 PAGE     1


WIN32 MACRO ASSEMBLER MA51 V06.04.19OBJECT MODULE PLACED IN C:\TP\PHY4501\TP\TP_3\TIMER_50MS.OBJ
ASSEMBLER INVOKED BY: MA51.EXE C:\TP\PHY4501\TP\TP_3\TIMER_50MS.A51 OJ(C:\TP\PHY4501\TP\TP_3\TIMER_50MS.OBJ) PIN(C:\RIDE\INC;C:\RIDE\INC\51) PIN(C:\RIDE\INC\51\) EP LINES SYNTAX(ASM51) MOD51 PR(C:\TP\PHY4501\TP\TP_3\TIMER_50MS.LST) XR DB PW(80) RB(0) 

LOC     OBJ           LINE    SOURCE
                         1     ;Timer_50ms
                         2     ;Created by Lamiaux Rémy and Ghirardi Baptiste
                         3     ;20/11/2019
                         4     ;version 1
                         5     
  00B0                   6     LED			BIT			P3.0 
  003C                   7     CHARGE_H	   EQU 			03CH
  00B8                   8     CHARGE_L	   EQU 			0B0H+08H				;Charge_L = N_L + Nr
                         9     			
                        10     	
  0000                  11        			ORG			0000H
                        12     DEBUT:  
0000    758901          13     		      MOV			TMOD,#01H
                        14     		      
                        15     
                        16     RPT: 
0003    C28C            17     				CLR			TR0
0005    E58A            18     				MOV			A,TL0					;1CM
0007    24B8            19     ADD A , # 184 
0009    F58A            20     		      MOV			TL0,A					;1CM
000B    E58C            21     		      MOV			A,TH0					;1CM
000D    343C            22     ADDC A , # 60 
000F    F58C            23     		      MOV			TH0,A					;1CM
0011    C28D            24     		      CLR			TF0					;1CM
0013    D28C            25     		      SETB			TR0					;1CM
0015    308DFD          26     ATTENDRE: 	JNB			TF0,ATTENDRE	
                        27     
0018    B2B0            28      				CPL			LED
001A    80E7            29     JSQ:  			SJMP			RPT	  			

*** WARNING #87 IN LINE 29 OF timer_50ms.a51 : MISSING 'END' STATEMENT
MACRO ASSEMBLER TIMER_50MS                                  11/20/19 10:59:38 PAGE     0


SYMBOL TABLE LISTING
------ ----- -------


N A M E             T Y P E  V A L U E   ATTRIBUTES             REFERENCES

P3 . . . . . . . .  D ADDR   00B0H   A                          6 
TF0. . . . . . . .  B ADDR   0088H.5 A                          24 26 
TH0. . . . . . . .  D ADDR   008CH   A                          21 23 
JSQ. . . . . . . .  C ADDR   001AH   A                          29# 
TL0. . . . . . . .  D ADDR   008AH   A                          18 20 
CHARGE_H . . . . .  N NUMB   003Ch                              7# 22 
DEBUT. . . . . . .  C ADDR   0000H   A                          12# 
TMOD . . . . . . .  D ADDR   0089H   A                          13 
CHARGE_L . . . . .  N NUMB   00B8h                              8# 19 
LED. . . . . . . .  B ADDR   00B0H.0 A                          6# 28 
RPT. . . . . . . .  C ADDR   0003H   A                          16# 29 
TR0. . . . . . . .  B ADDR   0088H.4 A                          17 25 
ATTENDRE . . . . .  C ADDR   0015H   A                          26# 



MODULE INFORMATION:   STATIC OVERLAYABLE
   CODE SIZE        =     28    ----
   XDATA SIZE       =   ----    ----
   DATA SIZE        =   ----    ----
   IDATA SIZE       =   ----    ----
   BIT SIZE         =   ----    ----
END OF MODULE INFORMATION.


REGISTER BANK(S) USED : 0 

ASSEMBLY COMPLETE.   1 WARNING(S)   0 ERROR(S)
