MACRO ASSEMBLER BANQUE                                      10/23/19 11:31:51 PAGE     1


WIN32 MACRO ASSEMBLER MA51 V06.04.19OBJECT MODULE PLACED IN C:\TP\PHY4501\TP\BANQUE.OBJ
ASSEMBLER INVOKED BY: MA51.EXE C:\TP\PHY4501\TP\BANQUE.A51 OJ(C:\TP\PHY4501\TP\BANQUE.OBJ) PIN(C:\RIDE\INC;C:\RIDE\INC\51) PIN(C:\RIDE\INC\51\) EP LINES SYNTAX(ASM51) MOD51 PR(C:\TP\PHY4501\TP\BANQUE.LST) XR DB PW(80) RB(0) 

LOC     OBJ           LINE    SOURCE
                         1     ;Banque
                         2     ;created by Remi Lamiaux and Baptiste Ghirardi 
                         3     ;23/10/2019
                         4     ;version 0.0
                         5     
  REG                    6     HUMIDITE			EQU			R0 				
  REG                    7     TEMPERATURE		EQU			R0
  0008                   8     FLAG				BIT			08H           						;dernier capteur ayant envoyé des informations
  0090                   9     VAL				DATA			P1					
  00A0                  10     CAPTEUR_H		DATA			P2										;donnée humidité
  00B0                  11     CAPTEUR_T		DATA			P3										;donnée température
  0080                  12     ADR				BIT			80H 									;adresse du capteur
                        13     
  0000                  14     					ORG			0000H		
                        15                                                                              ;2
                        16     DEBUT: 
0000    C2D3            17     					CLR			RS0									;on se place dans la banque 0 								2
0002    A8A0            18     MOV R0 , CAPTEUR_H 
0004    D2D3            19     					SETB			RS0                           ;on se place dans la banque 1                         2
0006    A8B0            20     MOV R0 , CAPTEUR_T 
0008    A280            21     					MOV			C,ADR									;adressage direct                                     2
000A    9208            22     					MOV			FLAG,C								;adressage direct                                     2
000C    92D3            23     					MOV			RS0,C									;adressage direct                                     2
000E    8890            24     					MOV			VAL,R0								;adressage direct                                     2
                        25     					
                        26     				
                        27     				
0010    80EE            28     FIN: 				SJMP			DEBUT				;boucler à l'infini                                                  3
                        29     					END                                                                                                               
MACRO ASSEMBLER BANQUE                                      10/23/19 11:31:51 PAGE     0


SYMBOL TABLE LISTING
------ ----- -------


N A M E             T Y P E  V A L U E   ATTRIBUTES             REFERENCES

P1 . . . . . . . .  D ADDR   0090H   A                          9 
P2 . . . . . . . .  D ADDR   00A0H   A                          10 
VAL. . . . . . . .  D ADDR   0090H   A                          9# 24 
P3 . . . . . . . .  D ADDR   00B0H   A                          11 
CAPTEUR_T. . . . .  D ADDR   00B0H   A                          11# 20 
TEMPERATURE. . . .    REG    R0                                 7# 20 
DEBUT. . . . . . .  C ADDR   0000H   A                          16# 28 
RS0. . . . . . . .  B ADDR   00D0H.3 A                          17 19 23 
ADR. . . . . . . .  B ADDR   0080H.0 A                          12# 21 
HUMIDITE . . . . .    REG    R0                                 6# 18 
FLAG . . . . . . .  B ADDR   0021H.0 A                          8# 22 
CAPTEUR_H. . . . .  D ADDR   00A0H   A                          10# 18 
FIN. . . . . . . .  C ADDR   0010H   A                          28# 



MODULE INFORMATION:   STATIC OVERLAYABLE
   CODE SIZE        =     18    ----
   XDATA SIZE       =   ----    ----
   DATA SIZE        =   ----    ----
   IDATA SIZE       =   ----    ----
   BIT SIZE         =   ----    ----
END OF MODULE INFORMATION.


REGISTER BANK(S) USED : 0 

ASSEMBLY COMPLETE.   0 WARNING(S)   0 ERROR(S)
