MACRO ASSEMBLER BP_LED                                      10/23/19 12:12:29 PAGE     1


WIN32 MACRO ASSEMBLER MA51 V06.04.19OBJECT MODULE PLACED IN C:\TP\PHY4501\TP\BP_LED.OBJ
ASSEMBLER INVOKED BY: MA51.EXE C:\TP\PHY4501\TP\BP_LED.A51 OJ(C:\TP\PHY4501\TP\BP_LED.OBJ) PIN(C:\RIDE\INC;C:\RIDE\INC\51) PIN(C:\RIDE\INC\51\) EP LINES SYNTAX(ASM51) MOD51 PR(C:\TP\PHY4501\TP\BP_LED.LST) XR DB PW(80) RB(0) 

LOC     OBJ           LINE    SOURCE
                         1     ;BP_LED
                         2     ;Créé par Rémi et Baptiste
                         3     ;23/10/2019
                         4     
  0080                   5     BP				BIT		P0.0
  00B0                   6     AFF			BIT		P3.0
                         7     
  0000                   8     				ORG		0000H
                         9     				
                        10     DEBUT: 
0000    3080FD          11     ATT_BP1: 		JNB		BP,ATT_BP1
0003    2080FD          12     ATT_BP0: 		JB			BP,ATT_BP0
0006    B2B0            13     				CPL		AFF
0008    80F6            14     FIN: 			SJMP		DEBUT
                        15     				END 
MACRO ASSEMBLER BP_LED                                      10/23/19 12:12:29 PAGE     0


SYMBOL TABLE LISTING
------ ----- -------


N A M E             T Y P E  V A L U E   ATTRIBUTES             REFERENCES

P0 . . . . . . . .  D ADDR   0080H   A                          5 
P3 . . . . . . . .  D ADDR   00B0H   A                          6 
ATT_BP0. . . . . .  C ADDR   0003H   A                          12# 
ATT_BP1. . . . . .  C ADDR   0000H   A                          11# 
AFF. . . . . . . .  B ADDR   00B0H.0 A                          6# 13 
BP . . . . . . . .  B ADDR   0080H.0 A                          5# 11 12 
DEBUT. . . . . . .  C ADDR   0000H   A                          10# 14 
FIN. . . . . . . .  C ADDR   0008H   A                          14# 



MODULE INFORMATION:   STATIC OVERLAYABLE
   CODE SIZE        =     10    ----
   XDATA SIZE       =   ----    ----
   DATA SIZE        =   ----    ----
   IDATA SIZE       =   ----    ----
   BIT SIZE         =   ----    ----
END OF MODULE INFORMATION.


REGISTER BANK(S) USED : 0 

ASSEMBLY COMPLETE.   0 WARNING(S)   0 ERROR(S)
