MACRO ASSEMBLER CTR_4B                                      10/23/19 12:35:52 PAGE     1


WIN32 MACRO ASSEMBLER MA51 V06.04.19OBJECT MODULE PLACED IN C:\TP\PHY4501\TP\CTR_4B.OBJ
ASSEMBLER INVOKED BY: MA51.EXE C:\TP\PHY4501\TP\CTR_4B.A51 OJ(C:\TP\PHY4501\TP\CTR_4B.OBJ) PIN(C:\RIDE\INC;C:\RIDE\INC\51) PIN(C:\RIDE\INC\51\) EP LINES SYNTAX(ASM51) MOD51 PR(C:\TP\PHY4501\TP\CTR_4B.LST) XR DB PW(80) RB(0) 

LOC     OBJ           LINE    SOURCE
                         1      ;CTR_4b
                         2      ;created by Rémi and Baptiste
                         3      ;23/10/2019
                         4      ;version 0
                         5      
  0080                   6      BP					BIT					P0.0
  0081                   7      MINET				BIT					P0.1
  00B0                   8      AFF					DATA					P3
                         9      
  0000                  10      						ORG					0000H
                        11     DEBUT: 
0000    75B000          12     						MOV					AFF,#0H
                        13     RPT: 
0003    3080FD          14     ATT_BP1: 				JNB					BP,ATT_BP1
0006    2080FD          15     ATT_BP0: 				JB						BP,ATT_BP0
0009    308104          16     SI: 					JNB					MINET,SINON
000C    05B0            17     						INC					AFF
000E    8002            18     FSI: 					SJMP					FSINON
0010    15B0            19     SINON: 				DEC					AFF
                        20     FSINON: 
0012    80EF            21     FIN: 					SJMP					RPT
                        22     						END 		
MACRO ASSEMBLER CTR_4B                                      10/23/19 12:35:52 PAGE     0


SYMBOL TABLE LISTING
------ ----- -------


N A M E             T Y P E  V A L U E   ATTRIBUTES             REFERENCES

P0 . . . . . . . .  D ADDR   0080H   A                          6 7 
FSI. . . . . . . .  C ADDR   000EH   A                          18# 
P3 . . . . . . . .  D ADDR   00B0H   A                          8 
SINON. . . . . . .  C ADDR   0010H   A                          16 19# 
ATT_BP0. . . . . .  C ADDR   0006H   A                          15# 
ATT_BP1. . . . . .  C ADDR   0003H   A                          14# 
FSINON . . . . . .  C ADDR   0012H   A                          18 20# 
AFF. . . . . . . .  D ADDR   00B0H   A                          8# 12 17 19 
BP . . . . . . . .  B ADDR   0080H.0 A                          6# 14 15 
DEBUT. . . . . . .  C ADDR   0000H   A                          11# 
RPT. . . . . . . .  C ADDR   0003H   A                          13# 21 
SI . . . . . . . .  C ADDR   0009H   A                          16# 
FIN. . . . . . . .  C ADDR   0012H   A                          21# 
MINET. . . . . . .  B ADDR   0080H.1 A                          7# 16 



MODULE INFORMATION:   STATIC OVERLAYABLE
   CODE SIZE        =     20    ----
   XDATA SIZE       =   ----    ----
   DATA SIZE        =   ----    ----
   IDATA SIZE       =   ----    ----
   BIT SIZE         =   ----    ----
END OF MODULE INFORMATION.


REGISTER BANK(S) USED : 0 

ASSEMBLY COMPLETE.   0 WARNING(S)   0 ERROR(S)
